// Jest Snapshot v1, https://goo.gl/fbAQLP

exports[`Card color changes on hover 1`] = `
<div
  className="categoryCard__wrapper"
  onClick={[Function]}
>
  <div
    className="categoryCard__imgWrapper"
  >
    <img
      alt="food-category"
      className="categoryCard__img"
      src="https://www.themealdb.com/images/media/meals/wrssvt1511556563.jpg"
    />
  </div>
  <div>
    <header
      className="categoryCard__header"
    >
      testCat
    </header>
    <p
      className="categoryCard__desc"
    >
      description of testCat
    </p>
  </div>
</div>
`;
